main.c:80:1:__io_putchar	16	static
main.c:124:6:save_timestamp	4	static
main.c:130:6:print_timestamp	24	static
main.c:142:6:autostart	8	static
main.c:190:6:HAL_TIM_PeriodElapsedCallback	16	static
main.c:255:6:HAL_GPIO_EXTI_Callback	16	static
main.c:268:5:main	8	static
main.c:337:6:SystemClock_Config	120	static
main.c:396:6:PeriphCommonClock_Config	192	static
main.c:423:13:MX_ADC1_Init	56	static
main.c:488:13:MX_ADC2_Init	48	static
main.c:545:13:MX_ADC3_Init	48	static
main.c:607:13:MX_DAC1_Init	48	static
main.c:648:13:MX_FDCAN1_Init	8	static
main.c:701:13:MX_FDCAN2_Init	8	static
main.c:754:13:MX_I2C4_Init	8	static
main.c:800:13:MX_RTC_Init	32	static
main.c:863:13:MX_TIM1_Init	104	static
main.c:932:13:MX_TIM4_Init	48	static
main.c:989:13:MX_TIM5_Init	48	static
main.c:1038:13:MX_TIM7_Init	24	static
main.c:1076:13:MX_TIM13_Init	8	static
main.c:1106:13:MX_TIM14_Init	8	static
main.c:1137:13:MX_TIM16_Init	8	static
main.c:1169:13:MX_TIM17_Init	8	static
main.c:1201:13:MX_USART1_UART_Init	8	static
main.c:1249:13:MX_USART3_UART_Init	8	static
main.c:1297:13:MX_GPIO_Init	64	static
main.c:1683:6:Error_Handler	4	static,ignoring_inline_asm
