main.c:73:1:__io_putchar	16	static
main.c:113:6:print_timestamp	8	static
main.c:129:6:autostart	8	static
main.c:160:6:HAL_TIM_PeriodElapsedCallback	16	static
main.c:167:6:HAL_GPIO_EXTI_Callback	16	static
main.c:182:5:main	8	static
main.c:248:6:SystemClock_Config	120	static
main.c:307:6:PeriphCommonClock_Config	192	static
main.c:334:13:MX_ADC1_Init	56	static
main.c:399:13:MX_ADC2_Init	48	static
main.c:456:13:MX_ADC3_Init	48	static
main.c:518:13:MX_DAC1_Init	48	static
main.c:559:13:MX_FDCAN1_Init	8	static
main.c:612:13:MX_FDCAN2_Init	8	static
main.c:665:13:MX_I2C4_Init	8	static
main.c:711:13:MX_RTC_Init	32	static
main.c:774:13:MX_TIM1_Init	104	static
main.c:843:13:MX_TIM4_Init	48	static
main.c:900:13:MX_TIM5_Init	48	static
main.c:949:13:MX_TIM7_Init	24	static
main.c:987:13:MX_TIM13_Init	24	static
main.c:1031:13:MX_USART1_UART_Init	8	static
main.c:1079:13:MX_USART3_UART_Init	8	static
main.c:1127:13:MX_GPIO_Init	64	static
main.c:1513:6:Error_Handler	4	static,ignoring_inline_asm
