main.c:93:6:HAL_GPIO_EXTI_Callback	16	static
main.c:154:5:main	8	static
main.c:217:6:SystemClock_Config	120	static
main.c:275:6:PeriphCommonClock_Config	192	static
main.c:302:13:MX_ADC1_Init	56	static
main.c:367:13:MX_ADC2_Init	48	static
main.c:424:13:MX_ADC3_Init	48	static
main.c:486:13:MX_DAC1_Init	48	static
main.c:527:13:MX_FDCAN1_Init	8	static
main.c:580:13:MX_FDCAN2_Init	8	static
main.c:633:13:MX_I2C4_Init	8	static
main.c:679:13:MX_TIM1_Init	104	static
main.c:748:13:MX_TIM4_Init	48	static
main.c:805:13:MX_TIM5_Init	48	static
main.c:854:13:MX_TIM7_Init	24	static
main.c:892:13:MX_TIM13_Init	24	static
main.c:937:13:MX_USART1_UART_Init	8	static
main.c:985:13:MX_USART3_UART_Init	8	static
main.c:1033:13:MX_GPIO_Init	64	static
main.c:1419:6:Error_Handler	4	static,ignoring_inline_asm
