main.c:82:1:__io_putchar	16	static
main.c:133:6:save_timestamp	16	static
main.c:141:6:print_timestamp	24	static
main.c:192:6:HAL_TIM_PeriodElapsedCallback	16	static
main.c:242:6:HAL_GPIO_EXTI_Callback	16	static
main.c:287:5:main	8	static
main.c:355:6:SystemClock_Config	120	static
main.c:414:6:PeriphCommonClock_Config	192	static
main.c:441:13:MX_ADC1_Init	56	static
main.c:506:13:MX_ADC2_Init	48	static
main.c:563:13:MX_ADC3_Init	48	static
main.c:625:13:MX_DAC1_Init	48	static
main.c:666:13:MX_FDCAN1_Init	8	static
main.c:719:13:MX_FDCAN2_Init	8	static
main.c:772:13:MX_I2C4_Init	8	static
main.c:818:13:MX_RTC_Init	32	static
main.c:881:13:MX_TIM1_Init	104	static
main.c:950:13:MX_TIM4_Init	48	static
main.c:1007:13:MX_TIM5_Init	48	static
main.c:1056:13:MX_TIM7_Init	24	static
main.c:1094:13:MX_TIM13_Init	8	static
main.c:1124:13:MX_TIM14_Init	8	static
main.c:1155:13:MX_TIM16_Init	8	static
main.c:1187:13:MX_TIM17_Init	8	static
main.c:1219:13:MX_USART1_UART_Init	8	static
main.c:1267:13:MX_USART3_UART_Init	8	static
main.c:1315:13:MX_GPIO_Init	64	static
main.c:1701:6:Error_Handler	4	static,ignoring_inline_asm
