main.c:73:1:__io_putchar	16	static
main.c:114:6:save_timestamp	4	static
main.c:120:6:print_timestamp	16	static
main.c:134:6:autostart	8	static
main.c:167:6:HAL_TIM_PeriodElapsedCallback	16	static
main.c:174:6:HAL_GPIO_EXTI_Callback	16	static
main.c:191:5:main	8	static
main.c:256:6:SystemClock_Config	120	static
main.c:315:6:PeriphCommonClock_Config	192	static
main.c:342:13:MX_ADC1_Init	56	static
main.c:407:13:MX_ADC2_Init	48	static
main.c:464:13:MX_ADC3_Init	48	static
main.c:526:13:MX_DAC1_Init	48	static
main.c:567:13:MX_FDCAN1_Init	8	static
main.c:620:13:MX_FDCAN2_Init	8	static
main.c:673:13:MX_I2C4_Init	8	static
main.c:719:13:MX_RTC_Init	32	static
main.c:782:13:MX_TIM1_Init	104	static
main.c:851:13:MX_TIM4_Init	48	static
main.c:908:13:MX_TIM5_Init	48	static
main.c:957:13:MX_TIM13_Init	8	static
main.c:987:13:MX_TIM14_Init	8	static
main.c:1018:13:MX_USART1_UART_Init	8	static
main.c:1066:13:MX_USART3_UART_Init	8	static
main.c:1114:13:MX_GPIO_Init	64	static
main.c:1500:6:Error_Handler	4	static,ignoring_inline_asm
