main.c:89:6:HAL_GPIO_EXTI_Callback	16	static
main.c:117:5:main	8	static
main.c:179:6:SystemClock_Config	120	static
main.c:237:6:PeriphCommonClock_Config	192	static
main.c:264:13:MX_ADC1_Init	56	static
main.c:329:13:MX_ADC2_Init	48	static
main.c:386:13:MX_ADC3_Init	48	static
main.c:448:13:MX_DAC1_Init	48	static
main.c:489:13:MX_FDCAN1_Init	8	static
main.c:542:13:MX_FDCAN2_Init	8	static
main.c:595:13:MX_I2C4_Init	8	static
main.c:641:13:MX_TIM1_Init	104	static
main.c:710:13:MX_TIM4_Init	48	static
main.c:767:13:MX_TIM5_Init	48	static
main.c:816:13:MX_TIM13_Init	24	static
main.c:861:13:MX_USART1_UART_Init	8	static
main.c:909:13:MX_USART3_UART_Init	8	static
main.c:957:13:MX_GPIO_Init	64	static
main.c:1333:6:Error_Handler	4	static,ignoring_inline_asm
