main.c:73:1:__io_putchar	16	static
main.c:113:6:print_timestamp	8	static
main.c:127:6:autostart	8	static
main.c:158:6:HAL_TIM_PeriodElapsedCallback	16	static
main.c:165:6:HAL_GPIO_EXTI_Callback	16	static
main.c:180:5:main	8	static
main.c:245:6:SystemClock_Config	120	static
main.c:304:6:PeriphCommonClock_Config	192	static
main.c:331:13:MX_ADC1_Init	56	static
main.c:396:13:MX_ADC2_Init	48	static
main.c:453:13:MX_ADC3_Init	48	static
main.c:515:13:MX_DAC1_Init	48	static
main.c:556:13:MX_FDCAN1_Init	8	static
main.c:609:13:MX_FDCAN2_Init	8	static
main.c:662:13:MX_I2C4_Init	8	static
main.c:708:13:MX_RTC_Init	32	static
main.c:771:13:MX_TIM1_Init	104	static
main.c:840:13:MX_TIM4_Init	48	static
main.c:897:13:MX_TIM5_Init	48	static
main.c:946:13:MX_TIM7_Init	24	static
main.c:984:13:MX_TIM13_Init	24	static
main.c:1028:13:MX_USART1_UART_Init	8	static
main.c:1076:13:MX_USART3_UART_Init	8	static
main.c:1124:13:MX_GPIO_Init	64	static
main.c:1510:6:Error_Handler	4	static,ignoring_inline_asm
