main.c:80:1:__io_putchar	16	static
main.c:129:6:save_timestamp	16	static
main.c:137:6:print_timestamp	24	static
main.c:188:6:HAL_TIM_PeriodElapsedCallback	16	static
main.c:249:6:HAL_GPIO_EXTI_Callback	16	static
main.c:298:5:main	8	static
main.c:364:6:SystemClock_Config	120	static
main.c:423:6:PeriphCommonClock_Config	192	static
main.c:450:13:MX_ADC1_Init	56	static
main.c:515:13:MX_ADC2_Init	48	static
main.c:572:13:MX_ADC3_Init	48	static
main.c:634:13:MX_DAC1_Init	48	static
main.c:675:13:MX_FDCAN1_Init	8	static
main.c:728:13:MX_FDCAN2_Init	8	static
main.c:781:13:MX_I2C4_Init	8	static
main.c:827:13:MX_RTC_Init	32	static
main.c:890:13:MX_TIM4_Init	48	static
main.c:943:13:MX_TIM7_Init	24	static
main.c:981:13:MX_TIM13_Init	8	static
main.c:1011:13:MX_TIM14_Init	8	static
main.c:1042:13:MX_TIM16_Init	8	static
main.c:1074:13:MX_TIM17_Init	8	static
main.c:1106:13:MX_USART1_UART_Init	8	static
main.c:1154:13:MX_USART3_UART_Init	8	static
main.c:1202:13:MX_GPIO_Init	64	static
main.c:1591:6:Error_Handler	4	static,ignoring_inline_asm
