main.c:73:1:__io_putchar	16	static
main.c:114:6:save_timestamp	4	static
main.c:120:6:print_timestamp	24	static
main.c:135:6:autostart	8	static
main.c:169:6:HAL_TIM_PeriodElapsedCallback	16	static
main.c:176:6:HAL_GPIO_EXTI_Callback	16	static
main.c:189:5:main	8	static
main.c:254:6:SystemClock_Config	120	static
main.c:313:6:PeriphCommonClock_Config	192	static
main.c:340:13:MX_ADC1_Init	56	static
main.c:405:13:MX_ADC2_Init	48	static
main.c:462:13:MX_ADC3_Init	48	static
main.c:524:13:MX_DAC1_Init	48	static
main.c:565:13:MX_FDCAN1_Init	8	static
main.c:618:13:MX_FDCAN2_Init	8	static
main.c:671:13:MX_I2C4_Init	8	static
main.c:717:13:MX_RTC_Init	32	static
main.c:780:13:MX_TIM1_Init	104	static
main.c:849:13:MX_TIM4_Init	48	static
main.c:906:13:MX_TIM5_Init	48	static
main.c:955:13:MX_TIM13_Init	8	static
main.c:985:13:MX_TIM14_Init	8	static
main.c:1016:13:MX_USART1_UART_Init	8	static
main.c:1064:13:MX_USART3_UART_Init	8	static
main.c:1112:13:MX_GPIO_Init	64	static
main.c:1498:6:Error_Handler	4	static,ignoring_inline_asm
