main.c:82:1:__io_putchar	16	static
main.c:128:6:save_timestamp	16	static
main.c:135:6:print_timestamp	24	static
main.c:184:6:HAL_TIM_PeriodElapsedCallback	16	static
main.c:223:6:HAL_GPIO_EXTI_Callback	16	static
main.c:246:5:main	8	static
main.c:314:6:SystemClock_Config	120	static
main.c:373:6:PeriphCommonClock_Config	192	static
main.c:400:13:MX_ADC1_Init	56	static
main.c:465:13:MX_ADC2_Init	48	static
main.c:522:13:MX_ADC3_Init	48	static
main.c:584:13:MX_DAC1_Init	48	static
main.c:625:13:MX_FDCAN1_Init	8	static
main.c:678:13:MX_FDCAN2_Init	8	static
main.c:731:13:MX_I2C4_Init	8	static
main.c:777:13:MX_RTC_Init	32	static
main.c:840:13:MX_TIM1_Init	104	static
main.c:909:13:MX_TIM4_Init	48	static
main.c:966:13:MX_TIM5_Init	48	static
main.c:1015:13:MX_TIM7_Init	24	static
main.c:1053:13:MX_TIM13_Init	8	static
main.c:1083:13:MX_TIM14_Init	8	static
main.c:1114:13:MX_TIM16_Init	8	static
main.c:1146:13:MX_TIM17_Init	8	static
main.c:1178:13:MX_USART1_UART_Init	8	static
main.c:1226:13:MX_USART3_UART_Init	8	static
main.c:1274:13:MX_GPIO_Init	64	static
main.c:1660:6:Error_Handler	4	static,ignoring_inline_asm
